[13:35:13] Loading products...
[13:35:14] Loaded 403 products.
[13:35:14] Identified 73 BTC options for expiry 160226 to monitor.
[13:35:14] Bot Running. Press Ctrl+C to stop.
[13:35:14] Current UTC Time: 13:35
[13:35:14] Scheduled Entry: 00:00 - 23:59
[13:35:14] Waiting for entry time (or use --force-entry to bypass)...
[13:35:15] WS Open



Live LTP for BTCUSDT is: 69026.7
ATM strike is: 69000
(Using expiry: 160226)
State: WAITING
Net PnL: 0.00 | Realized: 0.00 | Unrealized: 0.00 | Cum Credit: 0.00
--- Option Chain for BTC (ATM +/- 8 strikes) ---
  CE LTP     CE Δ     CE Γ   CE IV%      CE OI |  STRIKE  |   PE LTP     PE Δ     PE Γ   PE IV%      PE OI
----------------------------------------------------------------------------------------------------------
 1832.00   0.8104 0.000142    54.40          0 |  67400   |   180.40  -0.1803 0.000144    51.62          0
 1642.50   0.7783 0.000158    53.81          0 |  67600   |   217.75  -0.2099 0.000159    51.06          0
 1499.50   0.7527 0.000171    53.44          1 |  67800   |   262.00  -0.2429 0.000174    50.65          0
 1350.00   0.7188 0.000185    52.42          0 |  68000   |   304.50  -0.2743 0.000187    50.56          0
 1187.00   0.6751 0.000198    52.00          0 |  68200   |   360.00  -0.3126 0.000201    49.66          0
 1051.00   0.6378 0.000210    51.09          0 |  68400   |   421.00  -0.3522 0.000213    49.47          0
  945.50   0.6024 0.000217    50.65          0 |  68600   |   495.00  -0.3973 0.000223    48.86          0
  817.00   0.5560 0.000225    50.35          0 |  68800   |   576.95  -0.4429 0.000230    48.17          0
  711.95   0.5122 0.000228    49.88          0 |  69000   |   672.95  -0.4909 0.000233    47.59          0
  609.50   0.4652 0.000229    49.48          0 |  69200   |   782.50  -0.5371 0.000231    47.79          0
  510.00   0.4167 0.000228    49.26          0 |  69400   |   891.00  -0.5892 0.000232    47.33      1,591
  442.45   0.3767 0.000221    49.14          0 |  69600   |   999.50  -0.6289 0.000225    46.84      2,819
  370.45   0.3326 0.000212    49.10          0 |  69800   |  1143.50  -0.6792 0.000215    46.56      3,000
  310.95   0.2914 0.000199    49.24          0 |  70000   |  1277.00  -0.7234 0.000204    47.31          0
  260.45   0.2544 0.000186    49.47        100 |  70200   |  1410.00  -0.7535 0.000190    46.65          0
  217.95   0.2209 0.000171    49.74         22 |  70400   |  1573.50  -0.7849 0.000173    47.19      1,398
  184.45   0.1919 0.000155    50.25          0 |  70600   |  1766.00  -0.8088 0.000154    46.86          0

[13:35:16] ALERT: Attempting Initial Entry...
[13:35:16] Selected: C-BTC-70600-160226 (Delta 0.19190087) & P-BTC-67400-160226 (Delta -0.18032612)
[13:35:16] SELL C-BTC-70600-160226 @ 184.45 (Leg: call)
[13:35:16] SELL P-BTC-67400-160226 @ 180.4 (Leg: put)
[13:35:16] ALERT: Strangle Entered Successfully.
