Using API Key: qnz5**********************WCKY
[14:09:22] Loading products...
[14:09:23] Loaded 411 products.
[14:09:23] Identified 73 BTC options for expiry 160226 to monitor.
[14:09:23] Bot Running. Press Ctrl+C to stop.
[14:09:23] Current UTC Time: 14:09
[14:09:23] Scheduled Entry: 00:00 - 23:59
[14:09:23] Waiting for entry time (or use --force-entry to bypass)...
[14:09:23] WS Open



Live LTP for BTCUSDT is: 69022.3
ATM strike is: 69000
(Using expiry: 160226)
State: WAITING
Net PnL: 0.00 | Realized: 0.00 | Unrealized: 0.00 | Cum Credit: 0.00
--- Option Chain for BTC (ATM +/- 8 strikes) ---
  CE LTP     CE Δ     CE Γ   CE IV%      CE OI |  STRIKE  |   PE LTP     PE Δ     PE Γ   PE IV%      PE OI
----------------------------------------------------------------------------------------------------------
 1831.55   0.8065 0.000142    54.08          0 |  67400   |   171.50  -0.1757 0.000144    52.43          0
 1666.55   0.7831 0.000156    53.10          0 |  67600   |   202.45  -0.2029 0.000161    51.64          0
 1501.05   0.7513 0.000171    52.31          1 |  67800   |   240.95  -0.2344 0.000177    50.93          0
 1344.55   0.7191 0.000185    51.56          0 |  68000   |   285.45  -0.2705 0.000194    50.18          0
 1197.55   0.6852 0.000199    50.65          0 |  68200   |   329.45  -0.3036 0.000208    49.45          0
 1057.05   0.6457 0.000212    49.99          0 |  68400   |   390.45  -0.3494 0.000226    48.82          0
  923.05   0.6011 0.000222    49.45          0 |  68600   |   462.45  -0.3932 0.000234    48.27          0
  802.55   0.5566 0.000230    48.87          0 |  68800   |   549.00  -0.4412 0.000240    47.95          0
  703.05   0.5193 0.000236    48.69        400 |  69000   |   637.00  -0.4878 0.000244    47.58          0
  594.55   0.4634 0.000234    48.72          0 |  69200   |   738.85  -0.5367 0.000244    47.46          0
  510.05   0.4188 0.000230    48.66          0 |  69400   |   849.70  -0.5854 0.000240    47.48      1,591
  432.55   0.3711 0.000220    48.92          0 |  69600   |   970.95  -0.6359 0.000235    47.60      2,819
  366.05   0.3292 0.000211    49.17          0 |  69800   |  1102.45  -0.6785 0.000222    47.86      3,000
  312.05   0.2915 0.000199    49.63          0 |  70000   |  1246.45  -0.7202 0.000208    48.20          0
  260.00   0.2539 0.000185    50.09        100 |  70200   |  1400.45  -0.7620 0.000192    48.47          0
  219.80   0.2215 0.000170    50.61         22 |  70400   |  1546.45  -0.7816 0.000176    48.98      1,398
  189.05   0.1941 0.000154    51.19          0 |  70600   |  1724.95  -0.8271 0.000157    49.47          0

[14:09:25] ALERT: Attempting Initial Entry...
[14:09:25] Selected: C-BTC-70800-160226 (Delta 0.17255092) & P-BTC-67400-160226 (Delta -0.17572554)
[14:09:25] SELL C-BTC-70800-160226 @ 164.05 (Leg: call)
[14:09:25] SELL P-BTC-67400-160226 @ 171.5 (Leg: put)
[14:09:25] ALERT: Strangle Entered Successfully.
